[INFO] Scanning for projects...
[INFO] 
[INFO] --------------------------< LevelUp42:trivia >--------------------------
[INFO] Building Trivia 0.0.1-SNAPSHOT
[INFO]   from pom.xml
[INFO] --------------------------------[ jar ]---------------------------------
[INFO] 
[INFO] --- clean:3.5.0:clean (default-clean) @ trivia ---
[INFO] Deleting C:\Proyectos\Trivia\target
[INFO] 
[INFO] --- resources:3.3.1:resources (default-resources) @ trivia ---
[INFO] Copying 1 resource from src\main\resources to target\classes
[INFO] Copying 0 resource from src\main\resources to target\classes
[INFO] 
[INFO] --- compiler:3.14.1:compile (default-compile) @ trivia ---
[INFO] Recompiling the module because of changed source code.
[INFO] Compiling 59 source files with javac [debug parameters release 21] to target\classes
[INFO] -------------------------------------------------------------
[ERROR] COMPILATION ERROR : 
[INFO] -------------------------------------------------------------
[ERROR] /C:/Proyectos/Trivia/src/main/java/levelup42/trivia/infraestructure/adapter/in/rest/PlayerController.java:[70,17] cannot find symbol
  symbol:   method map((player)->[...]yer)))
  location: class levelup42.trivia.domain.model.Player
[INFO] 1 error
[INFO] -------------------------------------------------------------
[INFO] ------------------------------------------------------------------------
[INFO] BUILD FAILURE
[INFO] ------------------------------------------------------------------------
[INFO] Total time:  4.227 s
[INFO] Finished at: 2026-03-01T18:12:49+01:00
[INFO] ------------------------------------------------------------------------
[ERROR] Failed to execute goal org.apache.maven.plugins:maven-compiler-plugin:3.14.1:compile (default-compile) on project trivia: Compilation failure
[ERROR] /C:/Proyectos/Trivia/src/main/java/levelup42/trivia/infraestructure/adapter/in/rest/PlayerController.java:[70,17] cannot find symbol
[ERROR]   symbol:   method map((player)->[...]yer)))
[ERROR]   location: class levelup42.trivia.domain.model.Player
[ERROR] 
[ERROR] -> [Help 1]
[ERROR] 
[ERROR] To see the full stack trace of the errors, re-run Maven with the -e switch.
[ERROR] Re-run Maven using the -X switch to enable full debug logging.
[ERROR] 
[ERROR] For more information about the errors and possible solutions, please read the following articles:
[ERROR] [Help 1] http://cwiki.apache.org/confluence/display/MAVEN/MojoFailureException
